// Jest Snapshot v1, https://goo.gl/fbAQLP

exports[`Testing al cliente Es Emanuel 1`] = `
{
  "balance": 500,
  "nombre": "Emanuel",
  "tipo": "Premium",
}
`;
